[enneagram-app.appspot.com/quest/index.html]
[backblue.gif]
[fade.gif]
[index.html]
[app.enneagramkorea.com/static/imgs/hera/banner/2-300x.png]
[cdnjs.cloudflare.com/ajax/libs/font-awesome/5.15.4/css/all.min.css]
[enneagram-app.appspot.com/static/css/style.css]
[enneagram-app.appspot.com/static/css/quest.css]
[enneagram-app.appspot.com/static/vendors/jquery-1.7.2.min.js]
[enneagram-app.appspot.com/static/js/img_resize.js]
[enneagram-app.appspot.com/static/imgs/hera/logo/logo-white.png]
[enneagram-app.appspot.com/static/imgs/hera/banner/1-x300.png]
[enneagram-app.appspot.com/static/imgs/hera/banner/eg-class.png]
[enneagram-app.appspot.com/static/imgs/hera/banner/banner-footer-4.png]
[enneagram-app.appspot.com/static/js/navigation.js]
[enneagram-app.appspot.com/quest/index.html]
[enneagram-app.appspot.com/static/js/eg_quest.js]
[cdnjs.cloudflare.com/ajax/libs/font-awesome/5.15.4/css/all.min.css]
[enneagram-app.appspot.com/static/imgs/bg/rough_diagonal.gif]
[enneagram-app.appspot.com/static/imgs/eg_icon.png]
[enneagram-app.appspot.com/static/css/style.css]
[enneagram-app.appspot.com/static/css/quest.css]
